// Jest Snapshot v1, https://goo.gl/fbAQLP

exports[`API Snapshot Tests IP Geolocation API should match snapshot 1`] = `
{
  "city": "New York City",
  "country": "US",
  "ip": "161.185.160.93",
  "loc": "40.7143,-74.0060",
  "org": "AS22252 The City of New York",
  "postal": "10001",
  "readme": "https://ipinfo.io/missingauth",
  "region": "New York",
  "timezone": "America/New_York111",
}
`;
